{
  "TextBody": "2292f21c-8501-4771-a070-c79c7c7ef451"
}
